[2026-07-31 10:33:59] data_ingestion - INFO - Loaded params from params.yaml
[2026-07-31 10:33:59] data_ingestion - INFO - Reading raw data from dataset/puf2022.xls (sheet=PUF2022final)
[2026-07-31 10:33:59] data_ingestion - ERROR - Error in [C:\Users\CL508_10\Desktop\mlop_modular_code\src\data_ingestion.py] at line [42]: `Import xlrd` failed. Install xlrd >= 2.0.1 for xls Excel support Use pip or conda to install the xlrd package.
[2026-07-31 10:34:52] data_ingestion - INFO - Loaded params from params.yaml
[2026-07-31 10:34:52] data_ingestion - INFO - Reading raw data from dataset/puf2022.xls (sheet=PUF2022final)
[2026-07-31 10:34:52] data_ingestion - INFO - Raw data shape: (7023, 28)
[2026-07-31 10:34:52] data_ingestion - INFO - Saved ingested data to dataset/housing.csv
[2026-07-31 10:34:52] data_ingestion - INFO - Data ingestion stage completed successfully.
[2026-08-07 09:21:30] data_ingestion - INFO - Loaded params from params.yaml
[2026-08-07 09:21:30] data_ingestion - INFO - Reading raw data from dataset/puf2022.xls (sheet=PUF2022final)
[2026-08-07 09:21:30] data_ingestion - ERROR - Error in [/home/r1ddh1/mlops_dvc/exp1/src/data_ingestion.py] at line [42]: `Import xlrd` failed. Install xlrd >= 2.0.1 for xls Excel support Use pip or conda to install the xlrd package.
[2026-08-07 09:21:48] data_ingestion - INFO - Loaded params from params.yaml
[2026-08-07 09:21:48] data_ingestion - INFO - Reading raw data from dataset/puf2022.xls (sheet=PUF2022final)
[2026-08-07 09:21:48] data_ingestion - ERROR - Error in [/home/r1ddh1/mlops_dvc/exp1/src/data_ingestion.py] at line [42]: `Import xlrd` failed. Install xlrd >= 2.0.1 for xls Excel support Use pip or conda to install the xlrd package.
[2026-08-07 09:22:05] data_ingestion - INFO - Loaded params from params.yaml
[2026-08-07 09:22:05] data_ingestion - INFO - Reading raw data from dataset/puf2022.xls (sheet=PUF2022final)
[2026-08-07 09:22:05] data_ingestion - ERROR - Error in [/home/r1ddh1/mlops_dvc/exp1/src/data_ingestion.py] at line [42]: `Import xlrd` failed. Install xlrd >= 2.0.1 for xls Excel support Use pip or conda to install the xlrd package.
[2026-08-07 09:34:06] data_ingestion - INFO - Loaded params from params.yaml
[2026-08-07 09:34:06] data_ingestion - INFO - Reading raw data from dataset/puf2022.xls (sheet=PUF2022final)
[2026-08-07 09:34:06] data_ingestion - ERROR - Error in [/home/r1ddh1/mlops_dvc/exp1/src/data_ingestion.py] at line [42]: `Import xlrd` failed. Install xlrd >= 2.0.1 for xls Excel support Use pip or conda to install the xlrd package.
[2026-08-07 09:34:43] data_ingestion - INFO - Loaded params from params.yaml
[2026-08-07 09:34:43] data_ingestion - INFO - Reading raw data from dataset/puf2022.xls (sheet=PUF2022final)
[2026-08-07 09:34:43] data_ingestion - INFO - Raw data shape: (7023, 28)
[2026-08-07 09:34:43] data_ingestion - INFO - Saved ingested data to dataset/housing.csv
[2026-08-07 09:34:43] data_ingestion - INFO - Data ingestion stage completed successfully.
